// Vitest Snapshot v1, https://vitest.dev/guide/snapshot.html

exports[`initilizing test > should work with title props  1`] = `
{
  "asFragment": [Function],
  "baseElement": <body>
    <div>
      <div
        class=" d-flex  flex-column justify-content-between vh-100 text-center"
      >
        <h1>
          test
        </h1>
        <nav
          class="nav justify-content-center  "
        >
          <a
            class="nav-link "
            href="/records"
          >
             
            Record
          </a>
          <a
            class="nav-link "
            href="/"
          >
             
            Home Page
          </a>
        </nav>
        <main
          class=" flex-grow-1 p-lg-4"
        >
           
          hello
        </main>
        <footer
          class=" text-center bg-black text-white"
        >
           
          Made By
          <a
            class=" ms-md-1  text-decoration-none"
            href="https://github.com/heren1heren/whereswaldofrontend"
          >
            Cookie Turtle
          </a>
        </footer>
      </div>
    </div>
  </body>,
  "container": <div>
    <div
      class=" d-flex  flex-column justify-content-between vh-100 text-center"
    >
      <h1>
        test
      </h1>
      <nav
        class="nav justify-content-center  "
      >
        <a
          class="nav-link "
          href="/records"
        >
           
          Record
        </a>
        <a
          class="nav-link "
          href="/"
        >
           
          Home Page
        </a>
      </nav>
      <main
        class=" flex-grow-1 p-lg-4"
      >
         
        hello
      </main>
      <footer
        class=" text-center bg-black text-white"
      >
         
        Made By
        <a
          class=" ms-md-1  text-decoration-none"
          href="https://github.com/heren1heren/whereswaldofrontend"
        >
          Cookie Turtle
        </a>
      </footer>
    </div>
  </div>,
  "debug": [Function],
  "findAllByAltText": [Function],
  "findAllByDisplayValue": [Function],
  "findAllByLabelText": [Function],
  "findAllByPlaceholderText": [Function],
  "findAllByRole": [Function],
  "findAllByTestId": [Function],
  "findAllByText": [Function],
  "findAllByTitle": [Function],
  "findByAltText": [Function],
  "findByDisplayValue": [Function],
  "findByLabelText": [Function],
  "findByPlaceholderText": [Function],
  "findByRole": [Function],
  "findByTestId": [Function],
  "findByText": [Function],
  "findByTitle": [Function],
  "getAllByAltText": [Function],
  "getAllByDisplayValue": [Function],
  "getAllByLabelText": [Function],
  "getAllByPlaceholderText": [Function],
  "getAllByRole": [Function],
  "getAllByTestId": [Function],
  "getAllByText": [Function],
  "getAllByTitle": [Function],
  "getByAltText": [Function],
  "getByDisplayValue": [Function],
  "getByLabelText": [Function],
  "getByPlaceholderText": [Function],
  "getByRole": [Function],
  "getByTestId": [Function],
  "getByText": [Function],
  "getByTitle": [Function],
  "queryAllByAltText": [Function],
  "queryAllByDisplayValue": [Function],
  "queryAllByLabelText": [Function],
  "queryAllByPlaceholderText": [Function],
  "queryAllByRole": [Function],
  "queryAllByTestId": [Function],
  "queryAllByText": [Function],
  "queryAllByTitle": [Function],
  "queryByAltText": [Function],
  "queryByDisplayValue": [Function],
  "queryByLabelText": [Function],
  "queryByPlaceholderText": [Function],
  "queryByRole": [Function],
  "queryByTestId": [Function],
  "queryByText": [Function],
  "queryByTitle": [Function],
  "rerender": [Function],
  "unmount": [Function],
}
`;
